../Core/Src/main.c:77:6:drawHLine_TFT	32	static
../Core/Src/main.c:83:6:drawAxes	16	static
../Core/Src/main.c:104:5:main	168	static
../Core/Src/main.c:201:6:SystemClock_Config	80	static
../Core/Src/main.c:242:13:MX_ADC_Init	24	static
../Core/Src/main.c:297:13:MX_I2C1_Init	8	static
../Core/Src/main.c:331:13:MX_SPI1_Init	8	static
../Core/Src/main.c:369:13:MX_GPIO_Init	48	static
../Core/Src/main.c:430:6:HAL_GPIO_EXTI_Callback	16	static
../Core/Src/main.c:458:6:Error_Handler	4	static,ignoring_inline_asm
