../Core/Src/main.c:70:6:DO	8	static
../Core/Src/main.c:75:6:RE	8	static
../Core/Src/main.c:80:6:MI	8	static
../Core/Src/main.c:85:6:FA	8	static
../Core/Src/main.c:90:6:SOL	8	static
../Core/Src/main.c:95:6:LA	8	static
../Core/Src/main.c:100:6:SI	8	static
../Core/Src/main.c:111:5:main	16	static
../Core/Src/main.c:185:6:SystemClock_Config	80	static
../Core/Src/main.c:226:13:MX_SPI1_Init	8	static
../Core/Src/main.c:264:13:MX_TIM3_Init	48	static
../Core/Src/main.c:323:13:MX_GPIO_Init	40	static
../Core/Src/main.c:384:6:Error_Handler	4	static,ignoring_inline_asm
