../Core/Src/main.c:72:6:affiche	24	static
../Core/Src/main.c:96:5:main	8	static
../Core/Src/main.c:150:6:SystemClock_Config	80	static
../Core/Src/main.c:191:13:MX_SPI1_Init	8	static
../Core/Src/main.c:229:13:MX_TIM2_Init	32	static
../Core/Src/main.c:274:13:MX_TIM4_Init	48	static
../Core/Src/main.c:333:13:MX_TIM11_Init	40	static
../Core/Src/main.c:385:13:MX_GPIO_Init	40	static
../Core/Src/main.c:423:6:HAL_TIM_PeriodElapsedCallback	16	static
../Core/Src/main.c:448:6:Error_Handler	4	static,ignoring_inline_asm
